Pocket 1 :
	Score : 	0.770
	Druggability Score : 	0.902
	Number of Alpha Spheres : 	82
	Total SASA : 	60.321
	Polar SASA : 	31.338
	Apolar SASA : 	28.983
	Volume : 	631.549
	Mean local hydrophobic density : 	32.167
	Mean alpha sphere radius :	3.916
	Mean alp. sph. solvent access : 	0.463
	Apolar alpha sphere proportion : 	0.439
	Hydrophobicity score:	24.944
	Volume score: 	 3.778
	Polarity score:	 7
	Charge score :	 0
	Proportion of polar atoms: 	42.553
	Alpha sphere density : 	5.721
	Cent. of mass - Alpha Sphere max dist: 	12.985
	Flexibility : 	0.329

Pocket 2 :
	Score : 	0.715
	Druggability Score : 	0.196
	Number of Alpha Spheres : 	67
	Total SASA : 	31.237
	Polar SASA : 	13.123
	Apolar SASA : 	18.114
	Volume : 	448.723
	Mean local hydrophobic density : 	17.524
	Mean alpha sphere radius :	3.905
	Mean alp. sph. solvent access : 	0.481
	Apolar alpha sphere proportion : 	0.313
	Hydrophobicity score:	20.600
	Volume score: 	 4.000
	Polarity score:	 7
	Charge score :	 0
	Proportion of polar atoms: 	46.154
	Alpha sphere density : 	5.075
	Cent. of mass - Alpha Sphere max dist: 	12.388
	Flexibility : 	0.363

Pocket 3 :
	Score : 	0.201
	Druggability Score : 	0.003
	Number of Alpha Spheres : 	21
	Total SASA : 	65.312
	Polar SASA : 	18.215
	Apolar SASA : 	47.097
	Volume : 	322.609
	Mean local hydrophobic density : 	3.000
	Mean alpha sphere radius :	3.757
	Mean alp. sph. solvent access : 	0.513
	Apolar alpha sphere proportion : 	0.286
	Hydrophobicity score:	29.200
	Volume score: 	 3.000
	Polarity score:	 3
	Charge score :	 0
	Proportion of polar atoms: 	31.818
	Alpha sphere density : 	4.079
	Cent. of mass - Alpha Sphere max dist: 	8.927
	Flexibility : 	0.591

Pocket 4 :
	Score : 	0.171
	Druggability Score : 	0.001
	Number of Alpha Spheres : 	34
	Total SASA : 	114.411
	Polar SASA : 	60.068
	Apolar SASA : 	54.343
	Volume : 	341.131
	Mean local hydrophobic density : 	0.000
	Mean alpha sphere radius :	3.747
	Mean alp. sph. solvent access : 	0.461
	Apolar alpha sphere proportion : 	0.000
	Hydrophobicity score:	-6.000
	Volume score: 	 3.071
	Polarity score:	 9
	Charge score :	 -1
	Proportion of polar atoms: 	60.000
	Alpha sphere density : 	5.018
	Cent. of mass - Alpha Sphere max dist: 	11.522
	Flexibility : 	0.680

Pocket 5 :
	Score : 	0.146
	Druggability Score : 	0.001
	Number of Alpha Spheres : 	22
	Total SASA : 	59.894
	Polar SASA : 	33.326
	Apolar SASA : 	26.568
	Volume : 	231.455
	Mean local hydrophobic density : 	5.000
	Mean alpha sphere radius :	3.632
	Mean alp. sph. solvent access : 	0.440
	Apolar alpha sphere proportion : 	0.273
	Hydrophobicity score:	7.300
	Volume score: 	 4.200
	Polarity score:	 6
	Charge score :	 3
	Proportion of polar atoms: 	55.000
	Alpha sphere density : 	3.220
	Cent. of mass - Alpha Sphere max dist: 	6.797
	Flexibility : 	0.185

Pocket 6 :
	Score : 	0.145
	Druggability Score : 	0.000
	Number of Alpha Spheres : 	20
	Total SASA : 	64.456
	Polar SASA : 	45.134
	Apolar SASA : 	19.322
	Volume : 	267.725
	Mean local hydrophobic density : 	0.000
	Mean alpha sphere radius :	3.777
	Mean alp. sph. solvent access : 	0.519
	Apolar alpha sphere proportion : 	0.050
	Hydrophobicity score:	-6.000
	Volume score: 	 3.900
	Polarity score:	 10
	Charge score :	 -1
	Proportion of polar atoms: 	61.111
	Alpha sphere density : 	3.532
	Cent. of mass - Alpha Sphere max dist: 	7.037
	Flexibility : 	0.318

Pocket 7 :
	Score : 	0.139
	Druggability Score : 	0.000
	Number of Alpha Spheres : 	17
	Total SASA : 	71.603
	Polar SASA : 	48.658
	Apolar SASA : 	22.945
	Volume : 	329.115
	Mean local hydrophobic density : 	0.000
	Mean alpha sphere radius :	4.183
	Mean alp. sph. solvent access : 	0.701
	Apolar alpha sphere proportion : 	0.059
	Hydrophobicity score:	-14.714
	Volume score: 	 3.571
	Polarity score:	 6
	Charge score :	 1
	Proportion of polar atoms: 	56.250
	Alpha sphere density : 	3.998
	Cent. of mass - Alpha Sphere max dist: 	7.853
	Flexibility : 	0.393

Pocket 8 :
	Score : 	0.117
	Druggability Score : 	0.020
	Number of Alpha Spheres : 	43
	Total SASA : 	171.955
	Polar SASA : 	57.230
	Apolar SASA : 	114.725
	Volume : 	581.773
	Mean local hydrophobic density : 	11.750
	Mean alpha sphere radius :	4.008
	Mean alp. sph. solvent access : 	0.622
	Apolar alpha sphere proportion : 	0.372
	Hydrophobicity score:	-19.364
	Volume score: 	 4.545
	Polarity score:	 10
	Charge score :	 1
	Proportion of polar atoms: 	42.857
	Alpha sphere density : 	6.214
	Cent. of mass - Alpha Sphere max dist: 	13.693
	Flexibility : 	0.418

Pocket 9 :
	Score : 	0.115
	Druggability Score : 	0.003
	Number of Alpha Spheres : 	39
	Total SASA : 	160.675
	Polar SASA : 	72.518
	Apolar SASA : 	88.157
	Volume : 	655.348
	Mean local hydrophobic density : 	7.400
	Mean alpha sphere radius :	3.910
	Mean alp. sph. solvent access : 	0.567
	Apolar alpha sphere proportion : 	0.256
	Hydrophobicity score:	4.455
	Volume score: 	 4.273
	Polarity score:	 8
	Charge score :	 1
	Proportion of polar atoms: 	45.946
	Alpha sphere density : 	5.551
	Cent. of mass - Alpha Sphere max dist: 	14.178
	Flexibility : 	0.271

Pocket 10 :
	Score : 	0.089
	Druggability Score : 	0.001
	Number of Alpha Spheres : 	25
	Total SASA : 	114.895
	Polar SASA : 	61.759
	Apolar SASA : 	53.136
	Volume : 	409.401
	Mean local hydrophobic density : 	7.000
	Mean alpha sphere radius :	4.008
	Mean alp. sph. solvent access : 	0.614
	Apolar alpha sphere proportion : 	0.320
	Hydrophobicity score:	12.727
	Volume score: 	 4.182
	Polarity score:	 6
	Charge score :	 1
	Proportion of polar atoms: 	50.000
	Alpha sphere density : 	4.740
	Cent. of mass - Alpha Sphere max dist: 	10.206
	Flexibility : 	0.392

Pocket 11 :
	Score : 	0.078
	Druggability Score : 	0.002
	Number of Alpha Spheres : 	15
	Total SASA : 	43.760
	Polar SASA : 	26.853
	Apolar SASA : 	16.907
	Volume : 	220.132
	Mean local hydrophobic density : 	6.000
	Mean alpha sphere radius :	3.988
	Mean alp. sph. solvent access : 	0.463
	Apolar alpha sphere proportion : 	0.467
	Hydrophobicity score:	32.429
	Volume score: 	 2.714
	Polarity score:	 1
	Charge score :	 0
	Proportion of polar atoms: 	35.714
	Alpha sphere density : 	2.268
	Cent. of mass - Alpha Sphere max dist: 	5.439
	Flexibility : 	0.648

Pocket 12 :
	Score : 	0.074
	Druggability Score : 	0.005
	Number of Alpha Spheres : 	25
	Total SASA : 	76.731
	Polar SASA : 	34.464
	Apolar SASA : 	42.267
	Volume : 	246.275
	Mean local hydrophobic density : 	12.000
	Mean alpha sphere radius :	3.767
	Mean alp. sph. solvent access : 	0.453
	Apolar alpha sphere proportion : 	0.520
	Hydrophobicity score:	2.500
	Volume score: 	 4.625
	Polarity score:	 5
	Charge score :	 0
	Proportion of polar atoms: 	35.000
	Alpha sphere density : 	3.009
	Cent. of mass - Alpha Sphere max dist: 	6.584
	Flexibility : 	0.476

Pocket 13 :
	Score : 	0.067
	Druggability Score : 	0.000
	Number of Alpha Spheres : 	22
	Total SASA : 	77.531
	Polar SASA : 	48.548
	Apolar SASA : 	28.983
	Volume : 	357.498
	Mean local hydrophobic density : 	4.000
	Mean alpha sphere radius :	4.226
	Mean alp. sph. solvent access : 	0.648
	Apolar alpha sphere proportion : 	0.227
	Hydrophobicity score:	-2.222
	Volume score: 	 5.000
	Polarity score:	 7
	Charge score :	 0
	Proportion of polar atoms: 	57.143
	Alpha sphere density : 	3.140
	Cent. of mass - Alpha Sphere max dist: 	8.297
	Flexibility : 	0.346

Pocket 14 :
	Score : 	0.064
	Druggability Score : 	0.000
	Number of Alpha Spheres : 	15
	Total SASA : 	68.190
	Polar SASA : 	45.245
	Apolar SASA : 	22.945
	Volume : 	203.581
	Mean local hydrophobic density : 	0.000
	Mean alpha sphere radius :	3.899
	Mean alp. sph. solvent access : 	0.580
	Apolar alpha sphere proportion : 	0.000
	Hydrophobicity score:	17.000
	Volume score: 	 4.500
	Polarity score:	 3
	Charge score :	 1
	Proportion of polar atoms: 	64.286
	Alpha sphere density : 	3.205
	Cent. of mass - Alpha Sphere max dist: 	6.817
	Flexibility : 	0.312

Pocket 15 :
	Score : 	0.061
	Druggability Score : 	0.001
	Number of Alpha Spheres : 	25
	Total SASA : 	68.436
	Polar SASA : 	33.414
	Apolar SASA : 	35.021
	Volume : 	293.857
	Mean local hydrophobic density : 	10.000
	Mean alpha sphere radius :	4.028
	Mean alp. sph. solvent access : 	0.510
	Apolar alpha sphere proportion : 	0.440
	Hydrophobicity score:	38.889
	Volume score: 	 5.222
	Polarity score:	 5
	Charge score :	 -1
	Proportion of polar atoms: 	42.105
	Alpha sphere density : 	2.484
	Cent. of mass - Alpha Sphere max dist: 	5.681
	Flexibility : 	0.514

Pocket 16 :
	Score : 	0.057
	Druggability Score : 	0.006
	Number of Alpha Spheres : 	21
	Total SASA : 	48.560
	Polar SASA : 	7.500
	Apolar SASA : 	41.059
	Volume : 	139.660
	Mean local hydrophobic density : 	14.000
	Mean alpha sphere radius :	3.713
	Mean alp. sph. solvent access : 	0.468
	Apolar alpha sphere proportion : 	0.714
	Hydrophobicity score:	-1.167
	Volume score: 	 4.667
	Polarity score:	 4
	Charge score :	 -1
	Proportion of polar atoms: 	33.333
	Alpha sphere density : 	1.883
	Cent. of mass - Alpha Sphere max dist: 	3.859
	Flexibility : 	0.316

Pocket 17 :
	Score : 	0.049
	Druggability Score : 	0.003
	Number of Alpha Spheres : 	23
	Total SASA : 	106.665
	Polar SASA : 	49.907
	Apolar SASA : 	56.759
	Volume : 	313.622
	Mean local hydrophobic density : 	7.000
	Mean alpha sphere radius :	3.959
	Mean alp. sph. solvent access : 	0.678
	Apolar alpha sphere proportion : 	0.348
	Hydrophobicity score:	-15.111
	Volume score: 	 4.000
	Polarity score:	 8
	Charge score :	 2
	Proportion of polar atoms: 	45.455
	Alpha sphere density : 	4.177
	Cent. of mass - Alpha Sphere max dist: 	10.273
	Flexibility : 	0.454

Pocket 18 :
	Score : 	0.049
	Druggability Score : 	0.001
	Number of Alpha Spheres : 	15
	Total SASA : 	72.813
	Polar SASA : 	25.715
	Apolar SASA : 	47.098
	Volume : 	225.423
	Mean local hydrophobic density : 	6.000
	Mean alpha sphere radius :	3.864
	Mean alp. sph. solvent access : 	0.676
	Apolar alpha sphere proportion : 	0.467
	Hydrophobicity score:	28.429
	Volume score: 	 5.429
	Polarity score:	 5
	Charge score :	 1
	Proportion of polar atoms: 	33.333
	Alpha sphere density : 	3.242
	Cent. of mass - Alpha Sphere max dist: 	6.226
	Flexibility : 	0.642

Pocket 19 :
	Score : 	0.030
	Druggability Score : 	0.002
	Number of Alpha Spheres : 	35
	Total SASA : 	137.961
	Polar SASA : 	69.127
	Apolar SASA : 	68.835
	Volume : 	416.422
	Mean local hydrophobic density : 	11.857
	Mean alpha sphere radius :	3.930
	Mean alp. sph. solvent access : 	0.473
	Apolar alpha sphere proportion : 	0.400
	Hydrophobicity score:	4.250
	Volume score: 	 5.375
	Polarity score:	 7
	Charge score :	 2
	Proportion of polar atoms: 	43.333
	Alpha sphere density : 	4.482
	Cent. of mass - Alpha Sphere max dist: 	10.427
	Flexibility : 	0.594

Pocket 20 :
	Score : 	0.029
	Druggability Score : 	0.020
	Number of Alpha Spheres : 	41
	Total SASA : 	158.156
	Polar SASA : 	69.999
	Apolar SASA : 	88.157
	Volume : 	499.698
	Mean local hydrophobic density : 	14.588
	Mean alpha sphere radius :	3.956
	Mean alp. sph. solvent access : 	0.539
	Apolar alpha sphere proportion : 	0.415
	Hydrophobicity score:	-8.250
	Volume score: 	 4.500
	Polarity score:	 10
	Charge score :	 -1
	Proportion of polar atoms: 	41.935
	Alpha sphere density : 	4.774
	Cent. of mass - Alpha Sphere max dist: 	13.475
	Flexibility : 	0.287

Pocket 21 :
	Score : 	0.024
	Druggability Score : 	0.000
	Number of Alpha Spheres : 	15
	Total SASA : 	102.327
	Polar SASA : 	51.607
	Apolar SASA : 	50.720
	Volume : 	238.789
	Mean local hydrophobic density : 	1.333
	Mean alpha sphere radius :	3.701
	Mean alp. sph. solvent access : 	0.498
	Apolar alpha sphere proportion : 	0.200
	Hydrophobicity score:	-2.000
	Volume score: 	 6.400
	Polarity score:	 5
	Charge score :	 2
	Proportion of polar atoms: 	40.000
	Alpha sphere density : 	4.247
	Cent. of mass - Alpha Sphere max dist: 	9.789
	Flexibility : 	0.606

Pocket 22 :
	Score : 	0.006
	Druggability Score : 	0.001
	Number of Alpha Spheres : 	20
	Total SASA : 	129.777
	Polar SASA : 	68.188
	Apolar SASA : 	61.589
	Volume : 	403.369
	Mean local hydrophobic density : 	5.750
	Mean alpha sphere radius :	3.905
	Mean alp. sph. solvent access : 	0.401
	Apolar alpha sphere proportion : 	0.400
	Hydrophobicity score:	16.583
	Volume score: 	 4.667
	Polarity score:	 8
	Charge score :	 2
	Proportion of polar atoms: 	52.381
	Alpha sphere density : 	4.844
	Cent. of mass - Alpha Sphere max dist: 	11.050
	Flexibility : 	0.615

Pocket 23 :
	Score : 	-0.001
	Druggability Score : 	0.000
	Number of Alpha Spheres : 	15
	Total SASA : 	44.235
	Polar SASA : 	34.574
	Apolar SASA : 	9.661
	Volume : 	121.183
	Mean local hydrophobic density : 	0.000
	Mean alpha sphere radius :	3.850
	Mean alp. sph. solvent access : 	0.534
	Apolar alpha sphere proportion : 	0.000
	Hydrophobicity score:	-9.167
	Volume score: 	 5.333
	Polarity score:	 6
	Charge score :	 0
	Proportion of polar atoms: 	50.000
	Alpha sphere density : 	1.429
	Cent. of mass - Alpha Sphere max dist: 	2.720
	Flexibility : 	0.122

Pocket 24 :
	Score : 	-0.017
	Druggability Score : 	0.000
	Number of Alpha Spheres : 	20
	Total SASA : 	97.976
	Polar SASA : 	58.124
	Apolar SASA : 	39.852
	Volume : 	333.338
	Mean local hydrophobic density : 	2.000
	Mean alpha sphere radius :	3.986
	Mean alp. sph. solvent access : 	0.559
	Apolar alpha sphere proportion : 	0.150
	Hydrophobicity score:	37.571
	Volume score: 	 4.857
	Polarity score:	 4
	Charge score :	 1
	Proportion of polar atoms: 	44.444
	Alpha sphere density : 	3.274
	Cent. of mass - Alpha Sphere max dist: 	8.436
	Flexibility : 	0.622

Pocket 25 :
	Score : 	-0.022
	Druggability Score : 	0.000
	Number of Alpha Spheres : 	17
	Total SASA : 	96.694
	Polar SASA : 	38.727
	Apolar SASA : 	57.966
	Volume : 	301.110
	Mean local hydrophobic density : 	3.000
	Mean alpha sphere radius :	4.090
	Mean alp. sph. solvent access : 	0.608
	Apolar alpha sphere proportion : 	0.235
	Hydrophobicity score:	0.500
	Volume score: 	 5.250
	Polarity score:	 7
	Charge score :	 1
	Proportion of polar atoms: 	40.000
	Alpha sphere density : 	3.317
	Cent. of mass - Alpha Sphere max dist: 	7.742
	Flexibility : 	0.269

Pocket 26 :
	Score : 	-0.032
	Druggability Score : 	0.001
	Number of Alpha Spheres : 	15
	Total SASA : 	69.146
	Polar SASA : 	36.540
	Apolar SASA : 	32.606
	Volume : 	205.962
	Mean local hydrophobic density : 	6.000
	Mean alpha sphere radius :	3.933
	Mean alp. sph. solvent access : 	0.450
	Apolar alpha sphere proportion : 	0.467
	Hydrophobicity score:	45.500
	Volume score: 	 5.000
	Polarity score:	 4
	Charge score :	 -2
	Proportion of polar atoms: 	42.857
	Alpha sphere density : 	2.198
	Cent. of mass - Alpha Sphere max dist: 	5.292
	Flexibility : 	0.407

Pocket 27 :
	Score : 	-0.034
	Druggability Score : 	0.000
	Number of Alpha Spheres : 	20
	Total SASA : 	98.159
	Polar SASA : 	45.023
	Apolar SASA : 	53.136
	Volume : 	338.131
	Mean local hydrophobic density : 	4.000
	Mean alpha sphere radius :	3.908
	Mean alp. sph. solvent access : 	0.617
	Apolar alpha sphere proportion : 	0.250
	Hydrophobicity score:	21.286
	Volume score: 	 4.857
	Polarity score:	 6
	Charge score :	 -2
	Proportion of polar atoms: 	36.842
	Alpha sphere density : 	3.071
	Cent. of mass - Alpha Sphere max dist: 	7.624
	Flexibility : 	0.449

Pocket 28 :
	Score : 	-0.038
	Druggability Score : 	0.001
	Number of Alpha Spheres : 	15
	Total SASA : 	88.368
	Polar SASA : 	18.325
	Apolar SASA : 	70.042
	Volume : 	304.853
	Mean local hydrophobic density : 	7.000
	Mean alpha sphere radius :	4.036
	Mean alp. sph. solvent access : 	0.421
	Apolar alpha sphere proportion : 	0.533
	Hydrophobicity score:	35.143
	Volume score: 	 5.143
	Polarity score:	 4
	Charge score :	 3
	Proportion of polar atoms: 	28.571
	Alpha sphere density : 	2.975
	Cent. of mass - Alpha Sphere max dist: 	5.883
	Flexibility : 	0.890

Pocket 29 :
	Score : 	-0.051
	Druggability Score : 	0.000
	Number of Alpha Spheres : 	34
	Total SASA : 	174.814
	Polar SASA : 	108.394
	Apolar SASA : 	66.420
	Volume : 	398.227
	Mean local hydrophobic density : 	0.667
	Mean alpha sphere radius :	3.884
	Mean alp. sph. solvent access : 	0.444
	Apolar alpha sphere proportion : 	0.088
	Hydrophobicity score:	4.643
	Volume score: 	 2.714
	Polarity score:	 6
	Charge score :	 -3
	Proportion of polar atoms: 	53.571
	Alpha sphere density : 	5.160
	Cent. of mass - Alpha Sphere max dist: 	11.212
	Flexibility : 	0.671

Pocket 30 :
	Score : 	-0.054
	Druggability Score : 	0.083
	Number of Alpha Spheres : 	36
	Total SASA : 	137.823
	Polar SASA : 	37.590
	Apolar SASA : 	100.233
	Volume : 	407.872
	Mean local hydrophobic density : 	22.000
	Mean alpha sphere radius :	4.124
	Mean alp. sph. solvent access : 	0.528
	Apolar alpha sphere proportion : 	0.639
	Hydrophobicity score:	8.600
	Volume score: 	 4.600
	Polarity score:	 7
	Charge score :	 1
	Proportion of polar atoms: 	36.000
	Alpha sphere density : 	3.551
	Cent. of mass - Alpha Sphere max dist: 	8.207
	Flexibility : 	0.448

Pocket 31 :
	Score : 	-0.060
	Druggability Score : 	0.000
	Number of Alpha Spheres : 	19
	Total SASA : 	95.723
	Polar SASA : 	55.871
	Apolar SASA : 	39.852
	Volume : 	257.296
	Mean local hydrophobic density : 	2.000
	Mean alpha sphere radius :	3.875
	Mean alp. sph. solvent access : 	0.486
	Apolar alpha sphere proportion : 	0.158
	Hydrophobicity score:	24.000
	Volume score: 	 4.667
	Polarity score:	 5
	Charge score :	 0
	Proportion of polar atoms: 	61.111
	Alpha sphere density : 	2.762
	Cent. of mass - Alpha Sphere max dist: 	6.424
	Flexibility : 	0.797

