Pocket 1 :
	Score : 	0.305
	Druggability Score : 	0.951
	Number of Alpha Spheres : 	76
	Total SASA : 	178.162
	Polar SASA : 	63.437
	Apolar SASA : 	114.725
	Volume : 	648.162
	Mean local hydrophobic density : 	16.880
	Mean alpha sphere radius :	4.009
	Mean alp. sph. solvent access : 	0.458
	Apolar alpha sphere proportion : 	0.329
	Hydrophobicity score:	8.235
	Volume score: 	 4.882
	Polarity score:	 11
	Charge score :	 1
	Proportion of polar atoms: 	41.860
	Alpha sphere density : 	5.728
	Cent. of mass - Alpha Sphere max dist: 	16.115
	Flexibility : 	0.763

Pocket 2 :
	Score : 	0.275
	Druggability Score : 	0.872
	Number of Alpha Spheres : 	72
	Total SASA : 	211.665
	Polar SASA : 	96.940
	Apolar SASA : 	114.725
	Volume : 	838.439
	Mean local hydrophobic density : 	16.815
	Mean alpha sphere radius :	3.843
	Mean alp. sph. solvent access : 	0.430
	Apolar alpha sphere proportion : 	0.375
	Hydrophobicity score:	26.176
	Volume score: 	 4.765
	Polarity score:	 9
	Charge score :	 0
	Proportion of polar atoms: 	34.694
	Alpha sphere density : 	6.172
	Cent. of mass - Alpha Sphere max dist: 	15.341
	Flexibility : 	0.490

Pocket 3 :
	Score : 	0.260
	Druggability Score : 	0.003
	Number of Alpha Spheres : 	17
	Total SASA : 	25.869
	Polar SASA : 	15.000
	Apolar SASA : 	10.869
	Volume : 	298.277
	Mean local hydrophobic density : 	2.000
	Mean alpha sphere radius :	4.052
	Mean alp. sph. solvent access : 	0.711
	Apolar alpha sphere proportion : 	0.176
	Hydrophobicity score:	36.600
	Volume score: 	 4.300
	Polarity score:	 5
	Charge score :	 -2
	Proportion of polar atoms: 	65.000
	Alpha sphere density : 	3.244
	Cent. of mass - Alpha Sphere max dist: 	8.164
	Flexibility : 	0.295

Pocket 4 :
	Score : 	0.021
	Druggability Score : 	0.007
	Number of Alpha Spheres : 	18
	Total SASA : 	77.389
	Polar SASA : 	18.215
	Apolar SASA : 	59.174
	Volume : 	224.185
	Mean local hydrophobic density : 	8.000
	Mean alpha sphere radius :	3.918
	Mean alp. sph. solvent access : 	0.741
	Apolar alpha sphere proportion : 	0.500
	Hydrophobicity score:	42.600
	Volume score: 	 4.200
	Polarity score:	 2
	Charge score :	 -1
	Proportion of polar atoms: 	26.316
	Alpha sphere density : 	2.873
	Cent. of mass - Alpha Sphere max dist: 	5.708
	Flexibility : 	0.214

Pocket 5 :
	Score : 	0.008
	Druggability Score : 	0.075
	Number of Alpha Spheres : 	20
	Total SASA : 	112.359
	Polar SASA : 	20.579
	Apolar SASA : 	91.780
	Volume : 	364.635
	Mean local hydrophobic density : 	8.200
	Mean alpha sphere radius :	3.961
	Mean alp. sph. solvent access : 	0.742
	Apolar alpha sphere proportion : 	0.500
	Hydrophobicity score:	11.500
	Volume score: 	 4.667
	Polarity score:	 4
	Charge score :	 1
	Proportion of polar atoms: 	31.818
	Alpha sphere density : 	4.105
	Cent. of mass - Alpha Sphere max dist: 	11.043
	Flexibility : 	0.346

Pocket 6 :
	Score : 	-0.011
	Druggability Score : 	0.014
	Number of Alpha Spheres : 	15
	Total SASA : 	102.437
	Polar SASA : 	40.848
	Apolar SASA : 	61.589
	Volume : 	302.374
	Mean local hydrophobic density : 	8.000
	Mean alpha sphere radius :	3.773
	Mean alp. sph. solvent access : 	0.515
	Apolar alpha sphere proportion : 	0.600
	Hydrophobicity score:	11.625
	Volume score: 	 4.250
	Polarity score:	 5
	Charge score :	 1
	Proportion of polar atoms: 	36.842
	Alpha sphere density : 	3.811
	Cent. of mass - Alpha Sphere max dist: 	8.066
	Flexibility : 	0.758

Pocket 7 :
	Score : 	-0.018
	Druggability Score : 	0.000
	Number of Alpha Spheres : 	16
	Total SASA : 	60.911
	Polar SASA : 	37.966
	Apolar SASA : 	22.945
	Volume : 	204.727
	Mean local hydrophobic density : 	1.000
	Mean alpha sphere radius :	4.112
	Mean alp. sph. solvent access : 	0.629
	Apolar alpha sphere proportion : 	0.125
	Hydrophobicity score:	-15.167
	Volume score: 	 5.333
	Polarity score:	 6
	Charge score :	 1
	Proportion of polar atoms: 	61.538
	Alpha sphere density : 	1.847
	Cent. of mass - Alpha Sphere max dist: 	5.288
	Flexibility : 	0.819

Pocket 8 :
	Score : 	-0.031
	Druggability Score : 	0.004
	Number of Alpha Spheres : 	15
	Total SASA : 	84.314
	Polar SASA : 	21.518
	Apolar SASA : 	62.797
	Volume : 	272.673
	Mean local hydrophobic density : 	5.000
	Mean alpha sphere radius :	4.235
	Mean alp. sph. solvent access : 	0.759
	Apolar alpha sphere proportion : 	0.400
	Hydrophobicity score:	1.000
	Volume score: 	 5.333
	Polarity score:	 6
	Charge score :	 4
	Proportion of polar atoms: 	37.500
	Alpha sphere density : 	2.834
	Cent. of mass - Alpha Sphere max dist: 	6.333
	Flexibility : 	0.574

Pocket 9 :
	Score : 	-0.035
	Druggability Score : 	0.314
	Number of Alpha Spheres : 	47
	Total SASA : 	147.092
	Polar SASA : 	79.465
	Apolar SASA : 	67.627
	Volume : 	440.617
	Mean local hydrophobic density : 	14.000
	Mean alpha sphere radius :	3.959
	Mean alp. sph. solvent access : 	0.481
	Apolar alpha sphere proportion : 	0.319
	Hydrophobicity score:	18.000
	Volume score: 	 4.222
	Polarity score:	 6
	Charge score :	 -1
	Proportion of polar atoms: 	46.667
	Alpha sphere density : 	3.127
	Cent. of mass - Alpha Sphere max dist: 	12.293
	Flexibility : 	0.638

Pocket 10 :
	Score : 	-0.043
	Druggability Score : 	0.000
	Number of Alpha Spheres : 	23
	Total SASA : 	111.662
	Polar SASA : 	57.318
	Apolar SASA : 	54.343
	Volume : 	361.760
	Mean local hydrophobic density : 	0.000
	Mean alpha sphere radius :	4.163
	Mean alp. sph. solvent access : 	0.590
	Apolar alpha sphere proportion : 	0.000
	Hydrophobicity score:	1.625
	Volume score: 	 3.500
	Polarity score:	 5
	Charge score :	 1
	Proportion of polar atoms: 	47.619
	Alpha sphere density : 	3.232
	Cent. of mass - Alpha Sphere max dist: 	8.308
	Flexibility : 	0.551

Pocket 11 :
	Score : 	-0.091
	Druggability Score : 	0.001
	Number of Alpha Spheres : 	15
	Total SASA : 	105.932
	Polar SASA : 	61.250
	Apolar SASA : 	44.682
	Volume : 	314.873
	Mean local hydrophobic density : 	4.000
	Mean alpha sphere radius :	3.932
	Mean alp. sph. solvent access : 	0.584
	Apolar alpha sphere proportion : 	0.333
	Hydrophobicity score:	-20.800
	Volume score: 	 5.800
	Polarity score:	 5
	Charge score :	 1
	Proportion of polar atoms: 	43.750
	Alpha sphere density : 	3.069
	Cent. of mass - Alpha Sphere max dist: 	7.265
	Flexibility : 	0.873

