Pocket 1 :
	Score : 	0.358
	Druggability Score : 	0.054
	Number of Alpha Spheres : 	46
	Total SASA : 	56.959
	Polar SASA : 	36.430
	Apolar SASA : 	20.530
	Volume : 	384.556
	Mean local hydrophobic density : 	14.625
	Mean alpha sphere radius :	3.873
	Mean alp. sph. solvent access : 	0.467
	Apolar alpha sphere proportion : 	0.348
	Hydrophobicity score:	10.143
	Volume score: 	 3.429
	Polarity score:	 7
	Charge score :	 0
	Proportion of polar atoms: 	50.000
	Alpha sphere density : 	3.695
	Cent. of mass - Alpha Sphere max dist: 	8.946
	Flexibility : 	0.704

Pocket 2 :
	Score : 	0.322
	Druggability Score : 	0.023
	Number of Alpha Spheres : 	82
	Total SASA : 	228.206
	Polar SASA : 	123.142
	Apolar SASA : 	105.064
	Volume : 	976.164
	Mean local hydrophobic density : 	9.059
	Mean alpha sphere radius :	4.049
	Mean alp. sph. solvent access : 	0.543
	Apolar alpha sphere proportion : 	0.207
	Hydrophobicity score:	26.800
	Volume score: 	 4.600
	Polarity score:	 10
	Charge score :	 2
	Proportion of polar atoms: 	49.020
	Alpha sphere density : 	7.507
	Cent. of mass - Alpha Sphere max dist: 	20.590
	Flexibility : 	0.533

Pocket 3 :
	Score : 	0.308
	Druggability Score : 	0.014
	Number of Alpha Spheres : 	71
	Total SASA : 	175.232
	Polar SASA : 	94.974
	Apolar SASA : 	80.258
	Volume : 	774.646
	Mean local hydrophobic density : 	14.000
	Mean alpha sphere radius :	3.962
	Mean alp. sph. solvent access : 	0.466
	Apolar alpha sphere proportion : 	0.225
	Hydrophobicity score:	25.316
	Volume score: 	 4.316
	Polarity score:	 11
	Charge score :	 1
	Proportion of polar atoms: 	50.000
	Alpha sphere density : 	6.192
	Cent. of mass - Alpha Sphere max dist: 	15.864
	Flexibility : 	0.538

Pocket 4 :
	Score : 	0.236
	Druggability Score : 	0.001
	Number of Alpha Spheres : 	46
	Total SASA : 	59.367
	Polar SASA : 	27.969
	Apolar SASA : 	31.398
	Volume : 	274.412
	Mean local hydrophobic density : 	1.000
	Mean alpha sphere radius :	4.070
	Mean alp. sph. solvent access : 	0.587
	Apolar alpha sphere proportion : 	0.043
	Hydrophobicity score:	35.667
	Volume score: 	 5.500
	Polarity score:	 3
	Charge score :	 1
	Proportion of polar atoms: 	46.667
	Alpha sphere density : 	2.572
	Cent. of mass - Alpha Sphere max dist: 	6.347
	Flexibility : 	0.466

Pocket 5 :
	Score : 	0.181
	Druggability Score : 	0.000
	Number of Alpha Spheres : 	18
	Total SASA : 	86.033
	Polar SASA : 	58.257
	Apolar SASA : 	27.775
	Volume : 	416.952
	Mean local hydrophobic density : 	1.000
	Mean alpha sphere radius :	3.979
	Mean alp. sph. solvent access : 	0.692
	Apolar alpha sphere proportion : 	0.111
	Hydrophobicity score:	0.300
	Volume score: 	 3.100
	Polarity score:	 7
	Charge score :	 -2
	Proportion of polar atoms: 	65.000
	Alpha sphere density : 	4.911
	Cent. of mass - Alpha Sphere max dist: 	10.576
	Flexibility : 	0.580

Pocket 6 :
	Score : 	0.152
	Druggability Score : 	0.006
	Number of Alpha Spheres : 	27
	Total SASA : 	70.207
	Polar SASA : 	30.355
	Apolar SASA : 	39.852
	Volume : 	253.238
	Mean local hydrophobic density : 	6.667
	Mean alpha sphere radius :	3.668
	Mean alp. sph. solvent access : 	0.402
	Apolar alpha sphere proportion : 	0.333
	Hydrophobicity score:	49.333
	Volume score: 	 4.778
	Polarity score:	 5
	Charge score :	 1
	Proportion of polar atoms: 	40.000
	Alpha sphere density : 	3.400
	Cent. of mass - Alpha Sphere max dist: 	8.144
	Flexibility : 	0.719

Pocket 7 :
	Score : 	0.151
	Druggability Score : 	0.348
	Number of Alpha Spheres : 	59
	Total SASA : 	179.558
	Polar SASA : 	88.590
	Apolar SASA : 	90.968
	Volume : 	668.197
	Mean local hydrophobic density : 	25.000
	Mean alpha sphere radius :	3.965
	Mean alp. sph. solvent access : 	0.500
	Apolar alpha sphere proportion : 	0.475
	Hydrophobicity score:	23.067
	Volume score: 	 4.200
	Polarity score:	 9
	Charge score :	 2
	Proportion of polar atoms: 	50.000
	Alpha sphere density : 	5.590
	Cent. of mass - Alpha Sphere max dist: 	14.341
	Flexibility : 	0.408

Pocket 8 :
	Score : 	0.138
	Druggability Score : 	0.001
	Number of Alpha Spheres : 	42
	Total SASA : 	132.756
	Polar SASA : 	90.489
	Apolar SASA : 	42.267
	Volume : 	486.169
	Mean local hydrophobic density : 	2.800
	Mean alpha sphere radius :	3.936
	Mean alp. sph. solvent access : 	0.547
	Apolar alpha sphere proportion : 	0.119
	Hydrophobicity score:	4.500
	Volume score: 	 4.429
	Polarity score:	 10
	Charge score :	 -2
	Proportion of polar atoms: 	55.172
	Alpha sphere density : 	4.899
	Cent. of mass - Alpha Sphere max dist: 	14.694
	Flexibility : 	0.915

Pocket 9 :
	Score : 	0.129
	Druggability Score : 	0.006
	Number of Alpha Spheres : 	18
	Total SASA : 	51.800
	Polar SASA : 	20.402
	Apolar SASA : 	31.398
	Volume : 	220.493
	Mean local hydrophobic density : 	10.000
	Mean alpha sphere radius :	3.909
	Mean alp. sph. solvent access : 	0.554
	Apolar alpha sphere proportion : 	0.611
	Hydrophobicity score:	48.500
	Volume score: 	 4.750
	Polarity score:	 2
	Charge score :	 -1
	Proportion of polar atoms: 	29.412
	Alpha sphere density : 	2.994
	Cent. of mass - Alpha Sphere max dist: 	6.481
	Flexibility : 	0.699

Pocket 10 :
	Score : 	0.097
	Druggability Score : 	0.020
	Number of Alpha Spheres : 	33
	Total SASA : 	70.487
	Polar SASA : 	36.673
	Apolar SASA : 	33.814
	Volume : 	238.270
	Mean local hydrophobic density : 	17.000
	Mean alpha sphere radius :	4.036
	Mean alp. sph. solvent access : 	0.559
	Apolar alpha sphere proportion : 	0.545
	Hydrophobicity score:	39.667
	Volume score: 	 4.667
	Polarity score:	 3
	Charge score :	 -2
	Proportion of polar atoms: 	30.435
	Alpha sphere density : 	2.440
	Cent. of mass - Alpha Sphere max dist: 	5.602
	Flexibility : 	0.482

Pocket 11 :
	Score : 	0.093
	Druggability Score : 	0.002
	Number of Alpha Spheres : 	59
	Total SASA : 	233.274
	Polar SASA : 	106.473
	Apolar SASA : 	126.801
	Volume : 	854.625
	Mean local hydrophobic density : 	3.556
	Mean alpha sphere radius :	4.073
	Mean alp. sph. solvent access : 	0.681
	Apolar alpha sphere proportion : 	0.153
	Hydrophobicity score:	5.105
	Volume score: 	 3.368
	Polarity score:	 12
	Charge score :	 -3
	Proportion of polar atoms: 	47.059
	Alpha sphere density : 	6.966
	Cent. of mass - Alpha Sphere max dist: 	19.633
	Flexibility : 	0.409

Pocket 12 :
	Score : 	0.087
	Druggability Score : 	0.000
	Number of Alpha Spheres : 	25
	Total SASA : 	52.033
	Polar SASA : 	38.750
	Apolar SASA : 	13.284
	Volume : 	127.344
	Mean local hydrophobic density : 	0.000
	Mean alpha sphere radius :	3.639
	Mean alp. sph. solvent access : 	0.469
	Apolar alpha sphere proportion : 	0.040
	Hydrophobicity score:	23.200
	Volume score: 	 4.400
	Polarity score:	 5
	Charge score :	 0
	Proportion of polar atoms: 	52.632
	Alpha sphere density : 	2.073
	Cent. of mass - Alpha Sphere max dist: 	4.278
	Flexibility : 	0.509

Pocket 13 :
	Score : 	0.082
	Druggability Score : 	0.000
	Number of Alpha Spheres : 	21
	Total SASA : 	38.749
	Polar SASA : 	27.880
	Apolar SASA : 	10.869
	Volume : 	119.825
	Mean local hydrophobic density : 	1.000
	Mean alpha sphere radius :	3.723
	Mean alp. sph. solvent access : 	0.436
	Apolar alpha sphere proportion : 	0.095
	Hydrophobicity score:	12.444
	Volume score: 	 4.556
	Polarity score:	 7
	Charge score :	 -1
	Proportion of polar atoms: 	56.250
	Alpha sphere density : 	1.703
	Cent. of mass - Alpha Sphere max dist: 	3.731
	Flexibility : 	0.378

Pocket 14 :
	Score : 	0.080
	Druggability Score : 	0.000
	Number of Alpha Spheres : 	25
	Total SASA : 	42.368
	Polar SASA : 	29.084
	Apolar SASA : 	13.284
	Volume : 	121.396
	Mean local hydrophobic density : 	0.000
	Mean alpha sphere radius :	3.698
	Mean alp. sph. solvent access : 	0.488
	Apolar alpha sphere proportion : 	0.000
	Hydrophobicity score:	12.444
	Volume score: 	 4.556
	Polarity score:	 7
	Charge score :	 -1
	Proportion of polar atoms: 	68.750
	Alpha sphere density : 	1.567
	Cent. of mass - Alpha Sphere max dist: 	3.471
	Flexibility : 	0.729

Pocket 15 :
	Score : 	0.077
	Druggability Score : 	0.003
	Number of Alpha Spheres : 	47
	Total SASA : 	135.418
	Polar SASA : 	78.659
	Apolar SASA : 	56.759
	Volume : 	500.072
	Mean local hydrophobic density : 	8.000
	Mean alpha sphere radius :	3.823
	Mean alp. sph. solvent access : 	0.435
	Apolar alpha sphere proportion : 	0.191
	Hydrophobicity score:	10.929
	Volume score: 	 4.214
	Polarity score:	 8
	Charge score :	 0
	Proportion of polar atoms: 	48.387
	Alpha sphere density : 	3.920
	Cent. of mass - Alpha Sphere max dist: 	10.386
	Flexibility : 	0.795

Pocket 16 :
	Score : 	0.074
	Druggability Score : 	0.000
	Number of Alpha Spheres : 	20
	Total SASA : 	63.026
	Polar SASA : 	40.892
	Apolar SASA : 	22.133
	Volume : 	165.474
	Mean local hydrophobic density : 	1.000
	Mean alpha sphere radius :	3.696
	Mean alp. sph. solvent access : 	0.392
	Apolar alpha sphere proportion : 	0.100
	Hydrophobicity score:	9.000
	Volume score: 	 2.900
	Polarity score:	 5
	Charge score :	 -1
	Proportion of polar atoms: 	60.000
	Alpha sphere density : 	2.748
	Cent. of mass - Alpha Sphere max dist: 	5.469
	Flexibility : 	0.476

Pocket 17 :
	Score : 	0.073
	Druggability Score : 	0.000
	Number of Alpha Spheres : 	17
	Total SASA : 	98.912
	Polar SASA : 	71.137
	Apolar SASA : 	27.775
	Volume : 	317.553
	Mean local hydrophobic density : 	1.000
	Mean alpha sphere radius :	3.874
	Mean alp. sph. solvent access : 	0.623
	Apolar alpha sphere proportion : 	0.118
	Hydrophobicity score:	19.625
	Volume score: 	 4.250
	Polarity score:	 6
	Charge score :	 1
	Proportion of polar atoms: 	52.941
	Alpha sphere density : 	4.470
	Cent. of mass - Alpha Sphere max dist: 	10.659
	Flexibility : 	0.614

Pocket 18 :
	Score : 	0.070
	Druggability Score : 	0.039
	Number of Alpha Spheres : 	25
	Total SASA : 	78.181
	Polar SASA : 	26.986
	Apolar SASA : 	51.195
	Volume : 	274.850
	Mean local hydrophobic density : 	16.000
	Mean alpha sphere radius :	3.875
	Mean alp. sph. solvent access : 	0.568
	Apolar alpha sphere proportion : 	0.680
	Hydrophobicity score:	21.875
	Volume score: 	 4.000
	Polarity score:	 5
	Charge score :	 0
	Proportion of polar atoms: 	28.571
	Alpha sphere density : 	3.012
	Cent. of mass - Alpha Sphere max dist: 	7.183
	Flexibility : 	0.775

Pocket 19 :
	Score : 	0.054
	Druggability Score : 	0.000
	Number of Alpha Spheres : 	34
	Total SASA : 	104.741
	Polar SASA : 	74.550
	Apolar SASA : 	30.191
	Volume : 	371.143
	Mean local hydrophobic density : 	0.000
	Mean alpha sphere radius :	4.001
	Mean alp. sph. solvent access : 	0.533
	Apolar alpha sphere proportion : 	0.000
	Hydrophobicity score:	20.833
	Volume score: 	 4.833
	Polarity score:	 7
	Charge score :	 1
	Proportion of polar atoms: 	56.000
	Alpha sphere density : 	3.323
	Cent. of mass - Alpha Sphere max dist: 	7.437
	Flexibility : 	0.801

Pocket 20 :
	Score : 	0.048
	Druggability Score : 	0.000
	Number of Alpha Spheres : 	23
	Total SASA : 	82.549
	Polar SASA : 	55.981
	Apolar SASA : 	26.568
	Volume : 	281.239
	Mean local hydrophobic density : 	1.000
	Mean alpha sphere radius :	4.020
	Mean alp. sph. solvent access : 	0.698
	Apolar alpha sphere proportion : 	0.087
	Hydrophobicity score:	12.000
	Volume score: 	 4.625
	Polarity score:	 5
	Charge score :	 3
	Proportion of polar atoms: 	57.895
	Alpha sphere density : 	3.081
	Cent. of mass - Alpha Sphere max dist: 	6.744
	Flexibility : 	0.509

Pocket 21 :
	Score : 	0.047
	Druggability Score : 	0.014
	Number of Alpha Spheres : 	27
	Total SASA : 	113.874
	Polar SASA : 	47.454
	Apolar SASA : 	66.420
	Volume : 	370.147
	Mean local hydrophobic density : 	12.000
	Mean alpha sphere radius :	3.928
	Mean alp. sph. solvent access : 	0.660
	Apolar alpha sphere proportion : 	0.481
	Hydrophobicity score:	-9.375
	Volume score: 	 3.875
	Polarity score:	 5
	Charge score :	 2
	Proportion of polar atoms: 	47.826
	Alpha sphere density : 	4.119
	Cent. of mass - Alpha Sphere max dist: 	11.144
	Flexibility : 	0.448

Pocket 22 :
	Score : 	0.044
	Druggability Score : 	0.005
	Number of Alpha Spheres : 	18
	Total SASA : 	55.714
	Polar SASA : 	19.485
	Apolar SASA : 	36.229
	Volume : 	230.196
	Mean local hydrophobic density : 	12.000
	Mean alpha sphere radius :	4.067
	Mean alp. sph. solvent access : 	0.673
	Apolar alpha sphere proportion : 	0.722
	Hydrophobicity score:	0.333
	Volume score: 	 4.667
	Polarity score:	 5
	Charge score :	 1
	Proportion of polar atoms: 	41.176
	Alpha sphere density : 	2.248
	Cent. of mass - Alpha Sphere max dist: 	5.161
	Flexibility : 	0.522

Pocket 23 :
	Score : 	0.043
	Druggability Score : 	0.000
	Number of Alpha Spheres : 	26
	Total SASA : 	110.639
	Polar SASA : 	65.956
	Apolar SASA : 	44.682
	Volume : 	381.622
	Mean local hydrophobic density : 	0.000
	Mean alpha sphere radius :	4.152
	Mean alp. sph. solvent access : 	0.666
	Apolar alpha sphere proportion : 	0.077
	Hydrophobicity score:	7.500
	Volume score: 	 4.333
	Polarity score:	 5
	Charge score :	 1
	Proportion of polar atoms: 	42.857
	Alpha sphere density : 	4.071
	Cent. of mass - Alpha Sphere max dist: 	10.454
	Flexibility : 	0.621

Pocket 24 :
	Score : 	0.040
	Druggability Score : 	0.000
	Number of Alpha Spheres : 	22
	Total SASA : 	52.460
	Polar SASA : 	25.892
	Apolar SASA : 	26.568
	Volume : 	192.740
	Mean local hydrophobic density : 	6.000
	Mean alpha sphere radius :	3.959
	Mean alp. sph. solvent access : 	0.551
	Apolar alpha sphere proportion : 	0.318
	Hydrophobicity score:	-26.286
	Volume score: 	 4.143
	Polarity score:	 7
	Charge score :	 -1
	Proportion of polar atoms: 	53.333
	Alpha sphere density : 	1.785
	Cent. of mass - Alpha Sphere max dist: 	3.872
	Flexibility : 	0.657

Pocket 25 :
	Score : 	0.039
	Druggability Score : 	0.000
	Number of Alpha Spheres : 	16
	Total SASA : 	52.442
	Polar SASA : 	35.535
	Apolar SASA : 	16.907
	Volume : 	231.606
	Mean local hydrophobic density : 	0.000
	Mean alpha sphere radius :	3.883
	Mean alp. sph. solvent access : 	0.594
	Apolar alpha sphere proportion : 	0.062
	Hydrophobicity score:	35.556
	Volume score: 	 4.889
	Polarity score:	 5
	Charge score :	 1
	Proportion of polar atoms: 	57.143
	Alpha sphere density : 	2.162
	Cent. of mass - Alpha Sphere max dist: 	4.767
	Flexibility : 	0.324

Pocket 26 :
	Score : 	0.035
	Druggability Score : 	0.000
	Number of Alpha Spheres : 	27
	Total SASA : 	91.621
	Polar SASA : 	60.223
	Apolar SASA : 	31.398
	Volume : 	352.039
	Mean local hydrophobic density : 	1.000
	Mean alpha sphere radius :	3.998
	Mean alp. sph. solvent access : 	0.463
	Apolar alpha sphere proportion : 	0.074
	Hydrophobicity score:	-1.400
	Volume score: 	 4.000
	Polarity score:	 6
	Charge score :	 0
	Proportion of polar atoms: 	60.000
	Alpha sphere density : 	3.042
	Cent. of mass - Alpha Sphere max dist: 	6.995
	Flexibility : 	0.440

Pocket 27 :
	Score : 	0.030
	Druggability Score : 	0.001
	Number of Alpha Spheres : 	15
	Total SASA : 	49.108
	Polar SASA : 	12.880
	Apolar SASA : 	36.229
	Volume : 	197.960
	Mean local hydrophobic density : 	4.000
	Mean alpha sphere radius :	3.928
	Mean alp. sph. solvent access : 	0.629
	Apolar alpha sphere proportion : 	0.333
	Hydrophobicity score:	22.429
	Volume score: 	 3.714
	Polarity score:	 4
	Charge score :	 -1
	Proportion of polar atoms: 	42.857
	Alpha sphere density : 	2.002
	Cent. of mass - Alpha Sphere max dist: 	4.999
	Flexibility : 	0.702

Pocket 28 :
	Score : 	0.028
	Druggability Score : 	0.007
	Number of Alpha Spheres : 	37
	Total SASA : 	95.771
	Polar SASA : 	37.567
	Apolar SASA : 	58.204
	Volume : 	273.023
	Mean local hydrophobic density : 	13.000
	Mean alpha sphere radius :	3.876
	Mean alp. sph. solvent access : 	0.490
	Apolar alpha sphere proportion : 	0.378
	Hydrophobicity score:	30.000
	Volume score: 	 3.300
	Polarity score:	 4
	Charge score :	 0
	Proportion of polar atoms: 	33.333
	Alpha sphere density : 	2.525
	Cent. of mass - Alpha Sphere max dist: 	5.760
	Flexibility : 	0.428

Pocket 29 :
	Score : 	0.024
	Druggability Score : 	0.000
	Number of Alpha Spheres : 	31
	Total SASA : 	113.046
	Polar SASA : 	71.987
	Apolar SASA : 	41.059
	Volume : 	378.891
	Mean local hydrophobic density : 	0.000
	Mean alpha sphere radius :	4.070
	Mean alp. sph. solvent access : 	0.694
	Apolar alpha sphere proportion : 	0.000
	Hydrophobicity score:	6.222
	Volume score: 	 3.556
	Polarity score:	 7
	Charge score :	 -3
	Proportion of polar atoms: 	57.143
	Alpha sphere density : 	3.541
	Cent. of mass - Alpha Sphere max dist: 	7.664
	Flexibility : 	0.809

Pocket 30 :
	Score : 	0.022
	Druggability Score : 	0.003
	Number of Alpha Spheres : 	22
	Total SASA : 	126.450
	Polar SASA : 	43.124
	Apolar SASA : 	83.326
	Volume : 	426.599
	Mean local hydrophobic density : 	7.000
	Mean alpha sphere radius :	4.025
	Mean alp. sph. solvent access : 	0.620
	Apolar alpha sphere proportion : 	0.364
	Hydrophobicity score:	17.800
	Volume score: 	 4.700
	Polarity score:	 7
	Charge score :	 -1
	Proportion of polar atoms: 	47.826
	Alpha sphere density : 	4.752
	Cent. of mass - Alpha Sphere max dist: 	12.329
	Flexibility : 	0.419

Pocket 31 :
	Score : 	0.013
	Druggability Score : 	0.000
	Number of Alpha Spheres : 	23
	Total SASA : 	105.586
	Polar SASA : 	54.866
	Apolar SASA : 	50.720
	Volume : 	387.614
	Mean local hydrophobic density : 	3.000
	Mean alpha sphere radius :	3.971
	Mean alp. sph. solvent access : 	0.594
	Apolar alpha sphere proportion : 	0.174
	Hydrophobicity score:	8.889
	Volume score: 	 3.444
	Polarity score:	 6
	Charge score :	 -1
	Proportion of polar atoms: 	42.857
	Alpha sphere density : 	3.649
	Cent. of mass - Alpha Sphere max dist: 	9.255
	Flexibility : 	0.610

Pocket 32 :
	Score : 	0.011
	Druggability Score : 	0.000
	Number of Alpha Spheres : 	18
	Total SASA : 	84.302
	Polar SASA : 	51.696
	Apolar SASA : 	32.606
	Volume : 	249.149
	Mean local hydrophobic density : 	4.000
	Mean alpha sphere radius :	3.851
	Mean alp. sph. solvent access : 	0.583
	Apolar alpha sphere proportion : 	0.278
	Hydrophobicity score:	17.400
	Volume score: 	 4.600
	Polarity score:	 3
	Charge score :	 -1
	Proportion of polar atoms: 	44.444
	Alpha sphere density : 	3.116
	Cent. of mass - Alpha Sphere max dist: 	6.911
	Flexibility : 	0.754

Pocket 33 :
	Score : 	0.006
	Druggability Score : 	0.010
	Number of Alpha Spheres : 	17
	Total SASA : 	78.442
	Polar SASA : 	28.929
	Apolar SASA : 	49.513
	Volume : 	219.722
	Mean local hydrophobic density : 	11.000
	Mean alpha sphere radius :	3.905
	Mean alp. sph. solvent access : 	0.622
	Apolar alpha sphere proportion : 	0.706
	Hydrophobicity score:	42.000
	Volume score: 	 4.667
	Polarity score:	 3
	Charge score :	 0
	Proportion of polar atoms: 	33.333
	Alpha sphere density : 	2.894
	Cent. of mass - Alpha Sphere max dist: 	6.487
	Flexibility : 	0.378

Pocket 34 :
	Score : 	-0.002
	Druggability Score : 	0.034
	Number of Alpha Spheres : 	27
	Total SASA : 	81.212
	Polar SASA : 	40.153
	Apolar SASA : 	41.059
	Volume : 	279.524
	Mean local hydrophobic density : 	20.000
	Mean alpha sphere radius :	4.025
	Mean alp. sph. solvent access : 	0.619
	Apolar alpha sphere proportion : 	0.778
	Hydrophobicity score:	31.000
	Volume score: 	 4.600
	Polarity score:	 3
	Charge score :	 1
	Proportion of polar atoms: 	27.778
	Alpha sphere density : 	2.216
	Cent. of mass - Alpha Sphere max dist: 	6.237
	Flexibility : 	0.813

Pocket 35 :
	Score : 	-0.020
	Druggability Score : 	0.001
	Number of Alpha Spheres : 	16
	Total SASA : 	55.577
	Polar SASA : 	11.786
	Apolar SASA : 	43.791
	Volume : 	159.739
	Mean local hydrophobic density : 	5.000
	Mean alpha sphere radius :	3.819
	Mean alp. sph. solvent access : 	0.487
	Apolar alpha sphere proportion : 	0.375
	Hydrophobicity score:	-3.000
	Volume score: 	 3.143
	Polarity score:	 4
	Charge score :	 -1
	Proportion of polar atoms: 	41.667
	Alpha sphere density : 	1.680
	Cent. of mass - Alpha Sphere max dist: 	4.107
	Flexibility : 	0.271

Pocket 36 :
	Score : 	-0.021
	Druggability Score : 	0.194
	Number of Alpha Spheres : 	26
	Total SASA : 	93.206
	Polar SASA : 	26.786
	Apolar SASA : 	66.420
	Volume : 	297.845
	Mean local hydrophobic density : 	21.000
	Mean alpha sphere radius :	4.066
	Mean alp. sph. solvent access : 	0.589
	Apolar alpha sphere proportion : 	0.846
	Hydrophobicity score:	22.900
	Volume score: 	 3.400
	Polarity score:	 5
	Charge score :	 -2
	Proportion of polar atoms: 	40.000
	Alpha sphere density : 	2.663
	Cent. of mass - Alpha Sphere max dist: 	7.896
	Flexibility : 	0.760

Pocket 37 :
	Score : 	-0.026
	Druggability Score : 	0.000
	Number of Alpha Spheres : 	16
	Total SASA : 	53.873
	Polar SASA : 	23.683
	Apolar SASA : 	30.191
	Volume : 	164.116
	Mean local hydrophobic density : 	5.000
	Mean alpha sphere radius :	4.147
	Mean alp. sph. solvent access : 	0.584
	Apolar alpha sphere proportion : 	0.375
	Hydrophobicity score:	-32.833
	Volume score: 	 4.333
	Polarity score:	 6
	Charge score :	 -1
	Proportion of polar atoms: 	53.333
	Alpha sphere density : 	1.534
	Cent. of mass - Alpha Sphere max dist: 	3.589
	Flexibility : 	0.901

Pocket 38 :
	Score : 	-0.028
	Druggability Score : 	0.000
	Number of Alpha Spheres : 	21
	Total SASA : 	118.852
	Polar SASA : 	64.509
	Apolar SASA : 	54.343
	Volume : 	377.911
	Mean local hydrophobic density : 	6.000
	Mean alpha sphere radius :	3.944
	Mean alp. sph. solvent access : 	0.571
	Apolar alpha sphere proportion : 	0.333
	Hydrophobicity score:	23.750
	Volume score: 	 4.000
	Polarity score:	 5
	Charge score :	 0
	Proportion of polar atoms: 	42.857
	Alpha sphere density : 	3.875
	Cent. of mass - Alpha Sphere max dist: 	9.016
	Flexibility : 	0.547

Pocket 39 :
	Score : 	-0.029
	Druggability Score : 	0.001
	Number of Alpha Spheres : 	23
	Total SASA : 	108.466
	Polar SASA : 	42.858
	Apolar SASA : 	65.608
	Volume : 	298.854
	Mean local hydrophobic density : 	2.000
	Mean alpha sphere radius :	3.867
	Mean alp. sph. solvent access : 	0.434
	Apolar alpha sphere proportion : 	0.130
	Hydrophobicity score:	3.100
	Volume score: 	 3.800
	Polarity score:	 6
	Charge score :	 -1
	Proportion of polar atoms: 	42.105
	Alpha sphere density : 	3.379
	Cent. of mass - Alpha Sphere max dist: 	6.950
	Flexibility : 	0.612

Pocket 40 :
	Score : 	-0.030
	Druggability Score : 	0.000
	Number of Alpha Spheres : 	17
	Total SASA : 	80.399
	Polar SASA : 	45.377
	Apolar SASA : 	35.021
	Volume : 	259.358
	Mean local hydrophobic density : 	5.000
	Mean alpha sphere radius :	4.033
	Mean alp. sph. solvent access : 	0.543
	Apolar alpha sphere proportion : 	0.353
	Hydrophobicity score:	13.857
	Volume score: 	 4.429
	Polarity score:	 5
	Charge score :	 -1
	Proportion of polar atoms: 	40.000
	Alpha sphere density : 	2.550
	Cent. of mass - Alpha Sphere max dist: 	4.655
	Flexibility : 	0.731

Pocket 41 :
	Score : 	-0.030
	Druggability Score : 	0.014
	Number of Alpha Spheres : 	20
	Total SASA : 	63.323
	Polar SASA : 	5.357
	Apolar SASA : 	57.966
	Volume : 	192.616
	Mean local hydrophobic density : 	14.000
	Mean alpha sphere radius :	3.894
	Mean alp. sph. solvent access : 	0.592
	Apolar alpha sphere proportion : 	0.750
	Hydrophobicity score:	51.000
	Volume score: 	 3.857
	Polarity score:	 2
	Charge score :	 0
	Proportion of polar atoms: 	26.667
	Alpha sphere density : 	1.653
	Cent. of mass - Alpha Sphere max dist: 	4.670
	Flexibility : 	0.499

Pocket 42 :
	Score : 	-0.033
	Druggability Score : 	0.000
	Number of Alpha Spheres : 	23
	Total SASA : 	104.224
	Polar SASA : 	51.089
	Apolar SASA : 	53.136
	Volume : 	285.593
	Mean local hydrophobic density : 	6.000
	Mean alpha sphere radius :	3.937
	Mean alp. sph. solvent access : 	0.636
	Apolar alpha sphere proportion : 	0.304
	Hydrophobicity score:	-1.667
	Volume score: 	 4.833
	Polarity score:	 4
	Charge score :	 1
	Proportion of polar atoms: 	50.000
	Alpha sphere density : 	3.185
	Cent. of mass - Alpha Sphere max dist: 	8.525
	Flexibility : 	0.631

Pocket 43 :
	Score : 	-0.034
	Druggability Score : 	0.000
	Number of Alpha Spheres : 	17
	Total SASA : 	105.087
	Polar SASA : 	70.065
	Apolar SASA : 	35.021
	Volume : 	269.943
	Mean local hydrophobic density : 	0.000
	Mean alpha sphere radius :	3.836
	Mean alp. sph. solvent access : 	0.381
	Apolar alpha sphere proportion : 	0.000
	Hydrophobicity score:	-3.143
	Volume score: 	 4.000
	Polarity score:	 6
	Charge score :	 -2
	Proportion of polar atoms: 	58.824
	Alpha sphere density : 	3.579
	Cent. of mass - Alpha Sphere max dist: 	8.402
	Flexibility : 	0.506

Pocket 44 :
	Score : 	-0.068
	Druggability Score : 	0.007
	Number of Alpha Spheres : 	24
	Total SASA : 	99.271
	Polar SASA : 	36.474
	Apolar SASA : 	62.797
	Volume : 	260.960
	Mean local hydrophobic density : 	12.000
	Mean alpha sphere radius :	3.905
	Mean alp. sph. solvent access : 	0.573
	Apolar alpha sphere proportion : 	0.542
	Hydrophobicity score:	34.556
	Volume score: 	 3.444
	Polarity score:	 2
	Charge score :	 0
	Proportion of polar atoms: 	38.095
	Alpha sphere density : 	2.492
	Cent. of mass - Alpha Sphere max dist: 	5.483
	Flexibility : 	0.656

