Pocket 1 :
	Score : 	0.664
	Druggability Score : 	0.855
	Number of Alpha Spheres : 	143
	Total SASA : 	214.924
	Polar SASA : 	111.068
	Apolar SASA : 	103.856
	Volume : 	1445.687
	Mean local hydrophobic density : 	53.083
	Mean alpha sphere radius :	3.977
	Mean alp. sph. solvent access : 	0.451
	Apolar alpha sphere proportion : 	0.503
	Hydrophobicity score:	39.727
	Volume score: 	 3.939
	Polarity score:	 13
	Charge score :	 -2
	Proportion of polar atoms: 	36.905
	Alpha sphere density : 	8.233
	Cent. of mass - Alpha Sphere max dist: 	21.512
	Flexibility : 	0.227

Pocket 2 :
	Score : 	0.122
	Druggability Score : 	0.000
	Number of Alpha Spheres : 	24
	Total SASA : 	94.066
	Polar SASA : 	68.706
	Apolar SASA : 	25.360
	Volume : 	408.268
	Mean local hydrophobic density : 	2.000
	Mean alpha sphere radius :	4.011
	Mean alp. sph. solvent access : 	0.544
	Apolar alpha sphere proportion : 	0.125
	Hydrophobicity score:	-15.727
	Volume score: 	 3.727
	Polarity score:	 10
	Charge score :	 -1
	Proportion of polar atoms: 	52.174
	Alpha sphere density : 	4.862
	Cent. of mass - Alpha Sphere max dist: 	10.651
	Flexibility : 	0.601

Pocket 3 :
	Score : 	0.050
	Druggability Score : 	0.014
	Number of Alpha Spheres : 	31
	Total SASA : 	124.126
	Polar SASA : 	31.139
	Apolar SASA : 	92.987
	Volume : 	451.735
	Mean local hydrophobic density : 	19.455
	Mean alpha sphere radius :	3.914
	Mean alp. sph. solvent access : 	0.605
	Apolar alpha sphere proportion : 	0.710
	Hydrophobicity score:	39.909
	Volume score: 	 4.818
	Polarity score:	 6
	Charge score :	 1
	Proportion of polar atoms: 	34.483
	Alpha sphere density : 	5.097
	Cent. of mass - Alpha Sphere max dist: 	11.542
	Flexibility : 	0.285

Pocket 4 :
	Score : 	0.042
	Druggability Score : 	0.000
	Number of Alpha Spheres : 	19
	Total SASA : 	75.497
	Polar SASA : 	24.776
	Apolar SASA : 	50.720
	Volume : 	276.739
	Mean local hydrophobic density : 	3.000
	Mean alpha sphere radius :	3.801
	Mean alp. sph. solvent access : 	0.490
	Apolar alpha sphere proportion : 	0.211
	Hydrophobicity score:	27.750
	Volume score: 	 2.625
	Polarity score:	 2
	Charge score :	 0
	Proportion of polar atoms: 	35.294
	Alpha sphere density : 	3.508
	Cent. of mass - Alpha Sphere max dist: 	6.460
	Flexibility : 	0.230

Pocket 5 :
	Score : 	-0.012
	Druggability Score : 	0.011
	Number of Alpha Spheres : 	28
	Total SASA : 	92.394
	Polar SASA : 	25.737
	Apolar SASA : 	66.657
	Volume : 	314.239
	Mean local hydrophobic density : 	23.000
	Mean alpha sphere radius :	3.858
	Mean alp. sph. solvent access : 	0.522
	Apolar alpha sphere proportion : 	0.857
	Hydrophobicity score:	-4.429
	Volume score: 	 4.571
	Polarity score:	 6
	Charge score :	 0
	Proportion of polar atoms: 	38.095
	Alpha sphere density : 	3.282
	Cent. of mass - Alpha Sphere max dist: 	7.261
	Flexibility : 	0.748

Pocket 6 :
	Score : 	-0.021
	Druggability Score : 	0.000
	Number of Alpha Spheres : 	16
	Total SASA : 	82.319
	Polar SASA : 	70.242
	Apolar SASA : 	12.076
	Volume : 	251.112
	Mean local hydrophobic density : 	0.000
	Mean alpha sphere radius :	3.889
	Mean alp. sph. solvent access : 	0.547
	Apolar alpha sphere proportion : 	0.000
	Hydrophobicity score:	-4.000
	Volume score: 	 4.714
	Polarity score:	 6
	Charge score :	 1
	Proportion of polar atoms: 	71.429
	Alpha sphere density : 	3.223
	Cent. of mass - Alpha Sphere max dist: 	7.463
	Flexibility : 	0.620

Pocket 7 :
	Score : 	-0.034
	Druggability Score : 	0.001
	Number of Alpha Spheres : 	15
	Total SASA : 	76.174
	Polar SASA : 	20.623
	Apolar SASA : 	55.551
	Volume : 	259.064
	Mean local hydrophobic density : 	5.000
	Mean alpha sphere radius :	3.728
	Mean alp. sph. solvent access : 	0.402
	Apolar alpha sphere proportion : 	0.400
	Hydrophobicity score:	7.714
	Volume score: 	 4.000
	Polarity score:	 4
	Charge score :	 -1
	Proportion of polar atoms: 	37.500
	Alpha sphere density : 	2.882
	Cent. of mass - Alpha Sphere max dist: 	6.933
	Flexibility : 	0.716

Pocket 8 :
	Score : 	-0.039
	Druggability Score : 	0.009
	Number of Alpha Spheres : 	25
	Total SASA : 	97.119
	Polar SASA : 	15.000
	Apolar SASA : 	82.119
	Volume : 	299.572
	Mean local hydrophobic density : 	18.500
	Mean alpha sphere radius :	4.046
	Mean alp. sph. solvent access : 	0.563
	Apolar alpha sphere proportion : 	0.800
	Hydrophobicity score:	46.556
	Volume score: 	 4.333
	Polarity score:	 4
	Charge score :	 -1
	Proportion of polar atoms: 	25.000
	Alpha sphere density : 	3.371
	Cent. of mass - Alpha Sphere max dist: 	8.654
	Flexibility : 	0.688

Pocket 9 :
	Score : 	-0.060
	Druggability Score : 	0.001
	Number of Alpha Spheres : 	17
	Total SASA : 	85.530
	Polar SASA : 	40.848
	Apolar SASA : 	44.682
	Volume : 	279.385
	Mean local hydrophobic density : 	6.000
	Mean alpha sphere radius :	3.890
	Mean alp. sph. solvent access : 	0.593
	Apolar alpha sphere proportion : 	0.412
	Hydrophobicity score:	-11.375
	Volume score: 	 3.375
	Polarity score:	 4
	Charge score :	 -1
	Proportion of polar atoms: 	50.000
	Alpha sphere density : 	2.895
	Cent. of mass - Alpha Sphere max dist: 	6.688
	Flexibility : 	0.637

Pocket 10 :
	Score : 	-0.063
	Druggability Score : 	0.000
	Number of Alpha Spheres : 	19
	Total SASA : 	66.665
	Polar SASA : 	36.474
	Apolar SASA : 	30.191
	Volume : 	186.368
	Mean local hydrophobic density : 	0.000
	Mean alpha sphere radius :	3.982
	Mean alp. sph. solvent access : 	0.596
	Apolar alpha sphere proportion : 	0.000
	Hydrophobicity score:	10.625
	Volume score: 	 3.375
	Polarity score:	 6
	Charge score :	 0
	Proportion of polar atoms: 	57.143
	Alpha sphere density : 	1.979
	Cent. of mass - Alpha Sphere max dist: 	4.058
	Flexibility : 	0.138

Pocket 11 :
	Score : 	-0.085
	Druggability Score : 	0.000
	Number of Alpha Spheres : 	24
	Total SASA : 	104.600
	Polar SASA : 	55.087
	Apolar SASA : 	49.513
	Volume : 	307.448
	Mean local hydrophobic density : 	0.000
	Mean alpha sphere radius :	3.941
	Mean alp. sph. solvent access : 	0.631
	Apolar alpha sphere proportion : 	0.042
	Hydrophobicity score:	1.286
	Volume score: 	 3.571
	Polarity score:	 5
	Charge score :	 0
	Proportion of polar atoms: 	60.870
	Alpha sphere density : 	3.147
	Cent. of mass - Alpha Sphere max dist: 	7.973
	Flexibility : 	0.419

Pocket 12 :
	Score : 	-0.094
	Druggability Score : 	0.000
	Number of Alpha Spheres : 	17
	Total SASA : 	93.149
	Polar SASA : 	56.920
	Apolar SASA : 	36.229
	Volume : 	254.647
	Mean local hydrophobic density : 	0.000
	Mean alpha sphere radius :	3.969
	Mean alp. sph. solvent access : 	0.469
	Apolar alpha sphere proportion : 	0.059
	Hydrophobicity score:	17.125
	Volume score: 	 4.375
	Polarity score:	 4
	Charge score :	 0
	Proportion of polar atoms: 	46.667
	Alpha sphere density : 	2.873
	Cent. of mass - Alpha Sphere max dist: 	7.632
	Flexibility : 	0.681

