Pocket 1 :
	Score : 	0.977
	Druggability Score : 	0.959
	Number of Alpha Spheres : 	106
	Total SASA : 	8.888
	Polar SASA : 	6.473
	Apolar SASA : 	2.415
	Volume : 	593.958
	Mean local hydrophobic density : 	38.950
	Mean alpha sphere radius :	3.904
	Mean alp. sph. solvent access : 	0.457
	Apolar alpha sphere proportion : 	0.377
	Hydrophobicity score:	21.630
	Volume score: 	 4.000
	Polarity score:	 14
	Charge score :	 0
	Proportion of polar atoms: 	43.636
	Alpha sphere density : 	5.607
	Cent. of mass - Alpha Sphere max dist: 	14.180
	Flexibility : 	0.206

Pocket 2 :
	Score : 	0.140
	Druggability Score : 	0.001
	Number of Alpha Spheres : 	19
	Total SASA : 	55.125
	Polar SASA : 	23.727
	Apolar SASA : 	31.398
	Volume : 	262.805
	Mean local hydrophobic density : 	4.000
	Mean alpha sphere radius :	3.971
	Mean alp. sph. solvent access : 	0.614
	Apolar alpha sphere proportion : 	0.263
	Hydrophobicity score:	12.167
	Volume score: 	 4.250
	Polarity score:	 7
	Charge score :	 1
	Proportion of polar atoms: 	56.522
	Alpha sphere density : 	3.460
	Cent. of mass - Alpha Sphere max dist: 	9.040
	Flexibility : 	0.893

Pocket 3 :
	Score : 	0.127
	Druggability Score : 	0.006
	Number of Alpha Spheres : 	18
	Total SASA : 	13.148
	Polar SASA : 	1.071
	Apolar SASA : 	12.076
	Volume : 	79.176
	Mean local hydrophobic density : 	17.000
	Mean alpha sphere radius :	3.543
	Mean alp. sph. solvent access : 	0.402
	Apolar alpha sphere proportion : 	1.000
	Hydrophobicity score:	68.875
	Volume score: 	 5.250
	Polarity score:	 3
	Charge score :	 2
	Proportion of polar atoms: 	7.143
	Alpha sphere density : 	1.532
	Cent. of mass - Alpha Sphere max dist: 	3.109
	Flexibility : 	0.632

Pocket 4 :
	Score : 	0.120
	Druggability Score : 	0.001
	Number of Alpha Spheres : 	37
	Total SASA : 	72.975
	Polar SASA : 	34.331
	Apolar SASA : 	38.644
	Volume : 	250.919
	Mean local hydrophobic density : 	7.000
	Mean alpha sphere radius :	3.703
	Mean alp. sph. solvent access : 	0.441
	Apolar alpha sphere proportion : 	0.216
	Hydrophobicity score:	21.300
	Volume score: 	 5.000
	Polarity score:	 7
	Charge score :	 0
	Proportion of polar atoms: 	50.000
	Alpha sphere density : 	3.103
	Cent. of mass - Alpha Sphere max dist: 	8.153
	Flexibility : 	0.345

Pocket 5 :
	Score : 	0.099
	Druggability Score : 	0.000
	Number of Alpha Spheres : 	22
	Total SASA : 	49.935
	Polar SASA : 	36.651
	Apolar SASA : 	13.284
	Volume : 	196.294
	Mean local hydrophobic density : 	0.000
	Mean alpha sphere radius :	3.800
	Mean alp. sph. solvent access : 	0.414
	Apolar alpha sphere proportion : 	0.045
	Hydrophobicity score:	53.556
	Volume score: 	 4.667
	Polarity score:	 3
	Charge score :	 1
	Proportion of polar atoms: 	66.667
	Alpha sphere density : 	2.630
	Cent. of mass - Alpha Sphere max dist: 	5.374
	Flexibility : 	0.461

Pocket 6 :
	Score : 	0.082
	Druggability Score : 	0.001
	Number of Alpha Spheres : 	17
	Total SASA : 	33.550
	Polar SASA : 	21.473
	Apolar SASA : 	12.076
	Volume : 	119.991
	Mean local hydrophobic density : 	4.000
	Mean alpha sphere radius :	3.603
	Mean alp. sph. solvent access : 	0.400
	Apolar alpha sphere proportion : 	0.294
	Hydrophobicity score:	42.364
	Volume score: 	 4.091
	Polarity score:	 4
	Charge score :	 0
	Proportion of polar atoms: 	43.750
	Alpha sphere density : 	1.980
	Cent. of mass - Alpha Sphere max dist: 	3.596
	Flexibility : 	0.000

Pocket 7 :
	Score : 	0.082
	Druggability Score : 	0.005
	Number of Alpha Spheres : 	31
	Total SASA : 	82.474
	Polar SASA : 	25.715
	Apolar SASA : 	56.759
	Volume : 	328.440
	Mean local hydrophobic density : 	14.750
	Mean alpha sphere radius :	4.083
	Mean alp. sph. solvent access : 	0.590
	Apolar alpha sphere proportion : 	0.516
	Hydrophobicity score:	15.727
	Volume score: 	 4.182
	Polarity score:	 6
	Charge score :	 0
	Proportion of polar atoms: 	44.444
	Alpha sphere density : 	3.292
	Cent. of mass - Alpha Sphere max dist: 	8.916
	Flexibility : 	0.730

Pocket 8 :
	Score : 	0.080
	Druggability Score : 	0.000
	Number of Alpha Spheres : 	15
	Total SASA : 	24.543
	Polar SASA : 	6.429
	Apolar SASA : 	18.114
	Volume : 	110.639
	Mean local hydrophobic density : 	1.000
	Mean alpha sphere radius :	3.630
	Mean alp. sph. solvent access : 	0.358
	Apolar alpha sphere proportion : 	0.133
	Hydrophobicity score:	19.900
	Volume score: 	 4.200
	Polarity score:	 6
	Charge score :	 0
	Proportion of polar atoms: 	42.857
	Alpha sphere density : 	1.666
	Cent. of mass - Alpha Sphere max dist: 	3.746
	Flexibility : 	0.068

Pocket 9 :
	Score : 	0.043
	Druggability Score : 	0.009
	Number of Alpha Spheres : 	22
	Total SASA : 	81.162
	Polar SASA : 	10.803
	Apolar SASA : 	70.359
	Volume : 	260.658
	Mean local hydrophobic density : 	15.000
	Mean alpha sphere radius :	3.719
	Mean alp. sph. solvent access : 	0.435
	Apolar alpha sphere proportion : 	0.727
	Hydrophobicity score:	61.300
	Volume score: 	 5.200
	Polarity score:	 3
	Charge score :	 0
	Proportion of polar atoms: 	26.316
	Alpha sphere density : 	3.360
	Cent. of mass - Alpha Sphere max dist: 	6.916
	Flexibility : 	0.655

Pocket 10 :
	Score : 	0.040
	Druggability Score : 	0.001
	Number of Alpha Spheres : 	16
	Total SASA : 	74.931
	Polar SASA : 	39.910
	Apolar SASA : 	35.021
	Volume : 	252.351
	Mean local hydrophobic density : 	6.000
	Mean alpha sphere radius :	3.866
	Mean alp. sph. solvent access : 	0.612
	Apolar alpha sphere proportion : 	0.438
	Hydrophobicity score:	9.700
	Volume score: 	 3.500
	Polarity score:	 5
	Charge score :	 0
	Proportion of polar atoms: 	42.105
	Alpha sphere density : 	3.366
	Cent. of mass - Alpha Sphere max dist: 	6.920
	Flexibility : 	0.769

Pocket 11 :
	Score : 	0.033
	Druggability Score : 	0.000
	Number of Alpha Spheres : 	16
	Total SASA : 	59.946
	Polar SASA : 	41.831
	Apolar SASA : 	18.114
	Volume : 	183.926
	Mean local hydrophobic density : 	0.000
	Mean alpha sphere radius :	3.746
	Mean alp. sph. solvent access : 	0.505
	Apolar alpha sphere proportion : 	0.062
	Hydrophobicity score:	-5.143
	Volume score: 	 4.000
	Polarity score:	 6
	Charge score :	 1
	Proportion of polar atoms: 	60.000
	Alpha sphere density : 	2.650
	Cent. of mass - Alpha Sphere max dist: 	6.451
	Flexibility : 	0.948

Pocket 12 :
	Score : 	0.033
	Druggability Score : 	0.295
	Number of Alpha Spheres : 	35
	Total SASA : 	99.895
	Polar SASA : 	12.946
	Apolar SASA : 	86.949
	Volume : 	312.415
	Mean local hydrophobic density : 	32.941
	Mean alpha sphere radius :	3.827
	Mean alp. sph. solvent access : 	0.450
	Apolar alpha sphere proportion : 	0.971
	Hydrophobicity score:	67.091
	Volume score: 	 5.727
	Polarity score:	 5
	Charge score :	 0
	Proportion of polar atoms: 	19.231
	Alpha sphere density : 	3.327
	Cent. of mass - Alpha Sphere max dist: 	6.862
	Flexibility : 	0.625

Pocket 13 :
	Score : 	0.023
	Druggability Score : 	0.000
	Number of Alpha Spheres : 	25
	Total SASA : 	95.745
	Polar SASA : 	55.893
	Apolar SASA : 	39.852
	Volume : 	418.860
	Mean local hydrophobic density : 	1.000
	Mean alpha sphere radius :	4.066
	Mean alp. sph. solvent access : 	0.569
	Apolar alpha sphere proportion : 	0.080
	Hydrophobicity score:	3.200
	Volume score: 	 4.200
	Polarity score:	 7
	Charge score :	 2
	Proportion of polar atoms: 	50.000
	Alpha sphere density : 	3.596
	Cent. of mass - Alpha Sphere max dist: 	9.100
	Flexibility : 	0.563

Pocket 14 :
	Score : 	0.014
	Druggability Score : 	0.006
	Number of Alpha Spheres : 	25
	Total SASA : 	93.954
	Polar SASA : 	32.365
	Apolar SASA : 	61.589
	Volume : 	372.279
	Mean local hydrophobic density : 	11.000
	Mean alpha sphere radius :	4.069
	Mean alp. sph. solvent access : 	0.617
	Apolar alpha sphere proportion : 	0.480
	Hydrophobicity score:	19.000
	Volume score: 	 4.091
	Polarity score:	 7
	Charge score :	 2
	Proportion of polar atoms: 	41.667
	Alpha sphere density : 	3.378
	Cent. of mass - Alpha Sphere max dist: 	9.735
	Flexibility : 	0.574

Pocket 15 :
	Score : 	0.006
	Druggability Score : 	0.009
	Number of Alpha Spheres : 	29
	Total SASA : 	113.512
	Polar SASA : 	38.639
	Apolar SASA : 	74.873
	Volume : 	427.465
	Mean local hydrophobic density : 	15.000
	Mean alpha sphere radius :	4.236
	Mean alp. sph. solvent access : 	0.683
	Apolar alpha sphere proportion : 	0.552
	Hydrophobicity score:	21.364
	Volume score: 	 4.000
	Polarity score:	 7
	Charge score :	 2
	Proportion of polar atoms: 	37.037
	Alpha sphere density : 	4.007
	Cent. of mass - Alpha Sphere max dist: 	10.728
	Flexibility : 	0.608

Pocket 16 :
	Score : 	-0.011
	Druggability Score : 	0.000
	Number of Alpha Spheres : 	17
	Total SASA : 	78.643
	Polar SASA : 	50.868
	Apolar SASA : 	27.775
	Volume : 	275.123
	Mean local hydrophobic density : 	0.000
	Mean alpha sphere radius :	3.747
	Mean alp. sph. solvent access : 	0.563
	Apolar alpha sphere proportion : 	0.059
	Hydrophobicity score:	-8.143
	Volume score: 	 4.143
	Polarity score:	 5
	Charge score :	 3
	Proportion of polar atoms: 	50.000
	Alpha sphere density : 	2.899
	Cent. of mass - Alpha Sphere max dist: 	7.698
	Flexibility : 	0.313

Pocket 17 :
	Score : 	-0.021
	Druggability Score : 	0.000
	Number of Alpha Spheres : 	17
	Total SASA : 	55.726
	Polar SASA : 	37.612
	Apolar SASA : 	18.114
	Volume : 	171.025
	Mean local hydrophobic density : 	10.000
	Mean alpha sphere radius :	3.984
	Mean alp. sph. solvent access : 	0.501
	Apolar alpha sphere proportion : 	0.647
	Hydrophobicity score:	59.333
	Volume score: 	 4.667
	Polarity score:	 1
	Charge score :	 1
	Proportion of polar atoms: 	50.000
	Alpha sphere density : 	1.832
	Cent. of mass - Alpha Sphere max dist: 	3.476
	Flexibility : 	0.595

Pocket 18 :
	Score : 	-0.086
	Druggability Score : 	0.000
	Number of Alpha Spheres : 	18
	Total SASA : 	90.467
	Polar SASA : 	32.343
	Apolar SASA : 	58.124
	Volume : 	261.900
	Mean local hydrophobic density : 	0.000
	Mean alpha sphere radius :	4.040
	Mean alp. sph. solvent access : 	0.490
	Apolar alpha sphere proportion : 	0.056
	Hydrophobicity score:	33.300
	Volume score: 	 4.600
	Polarity score:	 6
	Charge score :	 2
	Proportion of polar atoms: 	47.368
	Alpha sphere density : 	2.586
	Cent. of mass - Alpha Sphere max dist: 	5.626
	Flexibility : 	0.768

Pocket 19 :
	Score : 	-0.086
	Druggability Score : 	0.000
	Number of Alpha Spheres : 	21
	Total SASA : 	91.415
	Polar SASA : 	51.563
	Apolar SASA : 	39.852
	Volume : 	204.760
	Mean local hydrophobic density : 	2.000
	Mean alpha sphere radius :	3.840
	Mean alp. sph. solvent access : 	0.453
	Apolar alpha sphere proportion : 	0.143
	Hydrophobicity score:	29.125
	Volume score: 	 5.250
	Polarity score:	 4
	Charge score :	 1
	Proportion of polar atoms: 	53.333
	Alpha sphere density : 	2.483
	Cent. of mass - Alpha Sphere max dist: 	6.556
	Flexibility : 	0.556

